[
    "DOG",
    "CAT",
    "HAMSTER",
    "ORANGE-DOG",
    "ORANGE-CAT",
    "ORANGE-HAMSTER",
    "YELLOW-DOG",
    "YELLOW-CAT",
    "YELLOW-HAMSTER",
    "GREEN-DOG",
    "GREEN-CAT",
    "GREEN-HAMSTER",
    "BLUE-DOG",
    "BLUE-CAT",
    "BLUE-HAMSTER",
    "INDIGO-DOG",
    "INDIGO-CAT",
    "INDIGO-HAMSTER",
    "VIOLET-DOG",
    "VIOLET-CAT",
    "VIOLET-HAMSTER",
    "FUNNY-RED-DOG",
    "FUNNY-RED-CAT",
    "FUNNY-RED-HAMSTER",
    "FUNNY-ORANGE-DOG"
]
