[
    "camel",
    "barracuda",
    "hyena",
    "gull",
    "dragonfly",
    "hawk",
    "dotterel",
    "panther",
    "weasel",
    "swallow",
    "woodcock",
    "llama",
    "octopus",
    "walrus",
    "newt",
    "aardvark",
    "mole",
    "cod",
    "jellyfish",
    "cat",
    "sandpiper",
    "raccoon",
    "donkey",
    "ant",
    "toad"
]
