[
    "DOG",
    "CAT",
    "HAMSTER",
    "ORANGEDOG",
    "ORANGECAT",
    "ORANGEHAMSTER",
    "YELLOWDOG",
    "YELLOWCAT",
    "YELLOWHAMSTER",
    "GREENDOG",
    "GREENCAT",
    "GREENHAMSTER",
    "BLUEDOG",
    "BLUECAT",
    "BLUEHAMSTER",
    "INDIGODOG",
    "INDIGOCAT",
    "INDIGOHAMSTER",
    "VIOLETDOG",
    "VIOLETCAT",
    "VIOLETHAMSTER",
    "FUNNYREDDOG",
    "FUNNYREDCAT",
    "FUNNYREDHAMSTER",
    "FUNNYORANGEDOG"
]
