[
    "Dog",
    "Cat",
    "Hamster",
    "OrangeDog",
    "OrangeCat",
    "OrangeHamster",
    "YellowDog",
    "YellowCat",
    "YellowHamster",
    "GreenDog",
    "GreenCat",
    "GreenHamster",
    "BlueDog",
    "BlueCat",
    "BlueHamster",
    "IndigoDog",
    "IndigoCat",
    "IndigoHamster",
    "VioletDog",
    "VioletCat",
    "VioletHamster",
    "FunnyRedDog",
    "FunnyRedCat",
    "FunnyRedHamster",
    "FunnyOrangeDog"
]
