[
    "Lazy-Funny-Big-Lazy-Big-Red-Cat",
    "Lazy-Funny-Big-Lazy-Big-Red-Hamster",
    "Lazy-Funny-Big-Lazy-Big-Orange-Dog",
    "Lazy-Funny-Big-Lazy-Big-Orange-Cat",
    "Lazy-Funny-Big-Lazy-Big-Orange-Hamster",
    "Lazy-Funny-Big-Lazy-Big-Yellow-Dog",
    "Lazy-Funny-Big-Lazy-Big-Yellow-Cat",
    "Lazy-Funny-Big-Lazy-Big-Yellow-Hamster",
    "Lazy-Funny-Big-Lazy-Big-Green-Dog",
    "Lazy-Funny-Big-Lazy-Big-Green-Cat",
    "Lazy-Funny-Big-Lazy-Big-Green-Hamster",
    "Lazy-Funny-Big-Lazy-Big-Blue-Dog",
    "Lazy-Funny-Big-Lazy-Big-Blue-Cat",
    "Lazy-Funny-Big-Lazy-Big-Blue-Hamster",
    "Lazy-Funny-Big-Lazy-Big-Indigo-Dog",
    "Lazy-Funny-Big-Lazy-Big-Indigo-Cat",
    "Lazy-Funny-Big-Lazy-Big-Indigo-Hamster",
    "Lazy-Funny-Big-Lazy-Big-Violet-Dog",
    "Lazy-Funny-Big-Lazy-Big-Violet-Cat",
    "Lazy-Funny-Big-Lazy-Big-Violet-Hamster",
    "Lazy-Funny-Big-Lazy-Funny-Red-Dog",
    "Lazy-Funny-Big-Lazy-Funny-Red-Cat",
    "Lazy-Funny-Big-Lazy-Funny-Red-Hamster",
    "Lazy-Funny-Big-Lazy-Funny-Orange-Dog",
    "Lazy-Funny-Big-Lazy-Funny-Orange-Cat"
]
