[
    "Dog",
    "Cat",
    "Hamster",
    "Orange-Dog",
    "Orange-Cat",
    "Orange-Hamster",
    "Yellow-Dog",
    "Yellow-Cat",
    "Yellow-Hamster",
    "Green-Dog",
    "Green-Cat",
    "Green-Hamster",
    "Blue-Dog",
    "Blue-Cat",
    "Blue-Hamster",
    "Indigo-Dog",
    "Indigo-Cat",
    "Indigo-Hamster",
    "Violet-Dog",
    "Violet-Cat",
    "Violet-Hamster",
    "Funny-Red-Dog",
    "Funny-Red-Cat",
    "Funny-Red-Hamster",
    "Funny-Orange-Dog"
]
