[
    "Funny-Lazy-Funny-Big-Indigo-Cat",
    "Funny-Lazy-Funny-Big-Indigo-Hamster",
    "Funny-Lazy-Funny-Big-Violet-Dog",
    "Funny-Lazy-Funny-Big-Violet-Cat",
    "Funny-Lazy-Funny-Big-Violet-Hamster",
    "Funny-Lazy-Funny-Funny-Red-Dog",
    "Funny-Lazy-Funny-Funny-Red-Cat",
    "Funny-Lazy-Funny-Funny-Red-Hamster",
    "Funny-Lazy-Funny-Funny-Orange-Dog",
    "Funny-Lazy-Funny-Funny-Orange-Cat",
    "Funny-Lazy-Funny-Funny-Orange-Hamster",
    "Funny-Lazy-Funny-Funny-Yellow-Dog",
    "Funny-Lazy-Funny-Funny-Yellow-Cat"
]
