[
    "lazy-funny-big-lazy-big-red-cat",
    "lazy-funny-big-lazy-big-red-hamster",
    "lazy-funny-big-lazy-big-orange-dog",
    "lazy-funny-big-lazy-big-orange-cat",
    "lazy-funny-big-lazy-big-orange-hamster",
    "lazy-funny-big-lazy-big-yellow-dog",
    "lazy-funny-big-lazy-big-yellow-cat",
    "lazy-funny-big-lazy-big-yellow-hamster",
    "lazy-funny-big-lazy-big-green-dog",
    "lazy-funny-big-lazy-big-green-cat",
    "lazy-funny-big-lazy-big-green-hamster",
    "lazy-funny-big-lazy-big-blue-dog",
    "lazy-funny-big-lazy-big-blue-cat",
    "lazy-funny-big-lazy-big-blue-hamster",
    "lazy-funny-big-lazy-big-indigo-dog",
    "lazy-funny-big-lazy-big-indigo-cat",
    "lazy-funny-big-lazy-big-indigo-hamster",
    "lazy-funny-big-lazy-big-violet-dog",
    "lazy-funny-big-lazy-big-violet-cat",
    "lazy-funny-big-lazy-big-violet-hamster",
    "lazy-funny-big-lazy-funny-red-dog",
    "lazy-funny-big-lazy-funny-red-cat",
    "lazy-funny-big-lazy-funny-red-hamster",
    "lazy-funny-big-lazy-funny-orange-dog",
    "lazy-funny-big-lazy-funny-orange-cat"
]
