[
    "dog",
    "cat",
    "hamster",
    "orangedog",
    "orangecat",
    "orangehamster",
    "yellowdog",
    "yellowcat",
    "yellowhamster",
    "greendog",
    "greencat",
    "greenhamster",
    "bluedog",
    "bluecat",
    "bluehamster",
    "indigodog",
    "indigocat",
    "indigohamster",
    "violetdog",
    "violetcat",
    "violethamster",
    "funnyreddog",
    "funnyredcat",
    "funnyredhamster",
    "funnyorangedog"
]
