[
    "funny-lazy-funny-big-indigo-cat",
    "funny-lazy-funny-big-indigo-hamster",
    "funny-lazy-funny-big-violet-dog",
    "funny-lazy-funny-big-violet-cat",
    "funny-lazy-funny-big-violet-hamster",
    "funny-lazy-funny-funny-red-dog",
    "funny-lazy-funny-funny-red-cat",
    "funny-lazy-funny-funny-red-hamster",
    "funny-lazy-funny-funny-orange-dog",
    "funny-lazy-funny-funny-orange-cat",
    "funny-lazy-funny-funny-orange-hamster",
    "funny-lazy-funny-funny-yellow-dog",
    "funny-lazy-funny-funny-yellow-cat"
]
