[
    "dog",
    "cat",
    "hamster",
    "orange-dog",
    "orange-cat",
    "orange-hamster",
    "yellow-dog",
    "yellow-cat",
    "yellow-hamster",
    "green-dog",
    "green-cat",
    "green-hamster",
    "blue-dog",
    "blue-cat",
    "blue-hamster",
    "indigo-dog",
    "indigo-cat",
    "indigo-hamster",
    "violet-dog",
    "violet-cat",
    "violet-hamster",
    "funny-red-dog",
    "funny-red-cat",
    "funny-red-hamster",
    "funny-orange-dog"
]
