[
    "LAZY-FUNNY-BIG-LAZY-BIG-RED-CAT",
    "LAZY-FUNNY-BIG-LAZY-BIG-RED-HAMSTER",
    "LAZY-FUNNY-BIG-LAZY-BIG-ORANGE-DOG",
    "LAZY-FUNNY-BIG-LAZY-BIG-ORANGE-CAT",
    "LAZY-FUNNY-BIG-LAZY-BIG-ORANGE-HAMSTER",
    "LAZY-FUNNY-BIG-LAZY-BIG-YELLOW-DOG",
    "LAZY-FUNNY-BIG-LAZY-BIG-YELLOW-CAT",
    "LAZY-FUNNY-BIG-LAZY-BIG-YELLOW-HAMSTER",
    "LAZY-FUNNY-BIG-LAZY-BIG-GREEN-DOG",
    "LAZY-FUNNY-BIG-LAZY-BIG-GREEN-CAT",
    "LAZY-FUNNY-BIG-LAZY-BIG-GREEN-HAMSTER",
    "LAZY-FUNNY-BIG-LAZY-BIG-BLUE-DOG",
    "LAZY-FUNNY-BIG-LAZY-BIG-BLUE-CAT",
    "LAZY-FUNNY-BIG-LAZY-BIG-BLUE-HAMSTER",
    "LAZY-FUNNY-BIG-LAZY-BIG-INDIGO-DOG",
    "LAZY-FUNNY-BIG-LAZY-BIG-INDIGO-CAT",
    "LAZY-FUNNY-BIG-LAZY-BIG-INDIGO-HAMSTER",
    "LAZY-FUNNY-BIG-LAZY-BIG-VIOLET-DOG",
    "LAZY-FUNNY-BIG-LAZY-BIG-VIOLET-CAT",
    "LAZY-FUNNY-BIG-LAZY-BIG-VIOLET-HAMSTER",
    "LAZY-FUNNY-BIG-LAZY-FUNNY-RED-DOG",
    "LAZY-FUNNY-BIG-LAZY-FUNNY-RED-CAT",
    "LAZY-FUNNY-BIG-LAZY-FUNNY-RED-HAMSTER",
    "LAZY-FUNNY-BIG-LAZY-FUNNY-ORANGE-DOG",
    "LAZY-FUNNY-BIG-LAZY-FUNNY-ORANGE-CAT"
]
