[
    "FUNNY-LAZY-FUNNY-BIG-INDIGO-CAT",
    "FUNNY-LAZY-FUNNY-BIG-INDIGO-HAMSTER",
    "FUNNY-LAZY-FUNNY-BIG-VIOLET-DOG",
    "FUNNY-LAZY-FUNNY-BIG-VIOLET-CAT",
    "FUNNY-LAZY-FUNNY-BIG-VIOLET-HAMSTER",
    "FUNNY-LAZY-FUNNY-FUNNY-RED-DOG",
    "FUNNY-LAZY-FUNNY-FUNNY-RED-CAT",
    "FUNNY-LAZY-FUNNY-FUNNY-RED-HAMSTER",
    "FUNNY-LAZY-FUNNY-FUNNY-ORANGE-DOG",
    "FUNNY-LAZY-FUNNY-FUNNY-ORANGE-CAT",
    "FUNNY-LAZY-FUNNY-FUNNY-ORANGE-HAMSTER",
    "FUNNY-LAZY-FUNNY-FUNNY-YELLOW-DOG",
    "FUNNY-LAZY-FUNNY-FUNNY-YELLOW-CAT"
]
