[
    "geospace-orcus-venus-sombrero",
    "geospace-orcus-venus-tadpole",
    "geospace-orcus-earth-andromeda",
    "geospace-orcus-earth-backward",
    "geospace-orcus-earth-bode",
    "geospace-orcus-earth-cigar",
    "geospace-orcus-earth-hong",
    "geospace-orcus-earth-milkyway",
    "geospace-orcus-earth-pinwheel",
    "geospace-orcus-earth-sombrero",
    "geospace-orcus-earth-tadpole",
    "geospace-orcus-mars-andromeda",
    "geospace-orcus-mars-backward"
]
