[
    "mercury",
    "venus",
    "earth",
    "mars",
    "jupiter",
    "saturn",
    "uranus",
    "neptune",
    "orcus-mercury",
    "orcus-venus",
    "orcus-earth",
    "orcus-mars",
    "orcus-jupiter",
    "orcus-saturn",
    "orcus-uranus",
    "orcus-neptune",
    "pluto-mercury",
    "pluto-venus",
    "pluto-earth",
    "pluto-mars",
    "pluto-jupiter",
    "pluto-saturn",
    "pluto-uranus",
    "pluto-neptune",
    "haumea-mercury"
]
