[
    "astronaut-brown-remnant-hypergiant-intergalactic-pluto-venus-sombrero",
    "astronaut-brown-remnant-hypergiant-intergalactic-pluto-venus-tadpole",
    "astronaut-brown-remnant-hypergiant-intergalactic-pluto-earth-andromeda",
    "astronaut-brown-remnant-hypergiant-intergalactic-pluto-earth-backward",
    "astronaut-brown-remnant-hypergiant-intergalactic-pluto-earth-bode",
    "astronaut-brown-remnant-hypergiant-intergalactic-pluto-earth-cigar",
    "astronaut-brown-remnant-hypergiant-intergalactic-pluto-earth-hong",
    "astronaut-brown-remnant-hypergiant-intergalactic-pluto-earth-milkyway",
    "astronaut-brown-remnant-hypergiant-intergalactic-pluto-earth-pinwheel",
    "astronaut-brown-remnant-hypergiant-intergalactic-pluto-earth-sombrero",
    "astronaut-brown-remnant-hypergiant-intergalactic-pluto-earth-tadpole",
    "astronaut-brown-remnant-hypergiant-intergalactic-pluto-mars-andromeda",
    "astronaut-brown-remnant-hypergiant-intergalactic-pluto-mars-backward"
]
